robertm@Sys76:~/programming/pyclass/assignment3$ ls
total 60K
drwxrwxr-x 5 robertm 4.0K Aug 18 01:10 application
-rw-rw-r-- 1 robertm 3.9K Aug  9 23:40 assignment3.txt
-rw-rw-r-- 1 robertm  299 Aug 11 04:26 hw11_1.v1.py
-rw-rw-r-- 1 robertm 1.7K Aug 11 04:56 hw11_1.v2.py
-rw-rw-r-- 1 robertm  862 Aug 12 03:08 hw11_2.py
-rw-rw-r-- 1 robertm    0 Aug 18 01:13 ouptut.txt
robertm@Sys76:~/programming/pyclass/assignment3$ python3 hw11_1.v1.py 
 32:         33:   !     34:   "     35:   #    
 36:   $     37:   %     38:   &     39:   '    
 40:   (     41:   )     42:   *     43:   +    
 44:   ,     45:   -     46:   .     47:   /    
 48:   0     49:   1     50:   2     51:   3    
 52:   4     53:   5     54:   6     55:   7    
 56:   8     57:   9     58:   :     59:   ;    
 60:   <     61:   =     62:   >     63:   ?    
 64:   @     65:   A     66:   B     67:   C    
 68:   D     69:   E     70:   F     71:   G    
 72:   H     73:   I     74:   J     75:   K    
 76:   L     77:   M     78:   N     79:   O    
 80:   P     81:   Q     82:   R     83:   S    
 84:   T     85:   U     86:   V     87:   W    
 88:   X     89:   Y     90:   Z     91:   [    
 92:   \     93:   ]     94:   ^     95:   _    
 96:   `     97:   a     98:   b     99:   c    
100:   d    101:   e    102:   f    103:   g    
104:   h    105:   i    106:   j    107:   k    
108:   l    109:   m    110:   n    111:   o    
112:   p    113:   q    114:   r    115:   s    
116:   t    117:   u    118:   v    119:   w    
120:   x    121:   y    122:   z    123:   {    
124:   |    125:   }    126:   ~    
robertm@Sys76:~/programming/pyclass/assignment3$ python3 hw11_1.v2.py 
 32:            33:  !         34:  "         35:  #        
 36:  $         37:  %         38:  &         39:  '        
 40:  (         41:  )         42:  *         43:  +        
 44:  ,         45:  -         46:  .         47:  /        
 48:  0         49:  1         50:  2         51:  3        
 52:  4         53:  5         54:  6         55:  7        
 56:  8         57:  9         58:  :         59:  ;        
 60:  <         61:  =         62:  >         63:  ?        
 64:  @         65:  A         66:  B         67:  C        
 68:  D         69:  E         70:  F         71:  G        
 72:  H         73:  I         74:  J         75:  K        
 76:  L         77:  M         78:  N         79:  O        
 80:  P         81:  Q         82:  R         83:  S        
 84:  T         85:  U         86:  V         87:  W        
 88:  X         89:  Y         90:  Z         91:  [        
 92:  \         93:  ]         94:  ^         95:  _        
 96:  `         97:  a         98:  b         99:  c        
100:  d        101:  e        102:  f        103:  g        
104:  h        105:  i        106:  j        107:  k        
108:  l        109:  m        110:  n        111:  o        
112:  p        113:  q        114:  r        115:  s        
116:  t        117:  u        118:  v        119:  w        
120:  x        121:  y        122:  z        123:  {        
124:  |        125:  }        126:  ~        
robertm@Sys76:~/programming/pyclass/assignment3$ 
robertm@Sys76:~/programming/pyclass/assignment3/application$ tree
.
├── driver
│   └── hw11_3.py
├── miscellany
│   ├── file1.txt
│   ├── file2.txt
│   └── Misc_Sub_Dir
│       ├── misc_sub1.txt
│       └── misc_sub2.txt
└── utils
    ├── hw11_2.py
    ├── __init__.py
    └── __pycache__
        ├── hw11_2.cpython-35.pyc
        └── __init__.cpython-35.pyc

5 directories, 9 files
robertm@Sys76:~/programming/pyclass/assignment3/application$ cd driver/
robertm@Sys76:~/programming/pyclass/assignment3/application/driver$ python3 hw11_3.py 
Which directory do you wish to search? ..

Checking directory: ..

Checking directory: ../utils
    ../utils/hw11_2.py
    ../utils/__init__.py

Checking directory: ../utils/__pycache__
    ../utils/__pycache__/hw11_2.cpython-35.pyc
    [decode error: ../utils/__pycache__/hw11_2.cpython-35.pyc]
    ../utils/__pycache__/__init__.cpython-35.pyc
    [decode error: ../utils/__pycache__/__init__.cpython-35.pyc]

Checking directory: ../driver
    ../driver/hw11_3.py

Checking directory: ../miscellany
    ../miscellany/file1.txt
        PALINDROME FOUND: aeratepetarea
        PALINDROME FOUND: ahsatanseesnatasha
        PALINDROME FOUND: airanaria
        PALINDROME FOUND: alletsdellacalledstella
        PALINDROME FOUND: alula
    ../miscellany/file2.txt
        PALINDROME FOUND: ogeronimonominorego
        PALINDROME FOUND: ostonebenotso
        PALINDROME FOUND: ohnodonho
        PALINDROME FOUND: ohcamerasaremacho

Checking directory: ../miscellany/Misc_Sub_Dir
    ../miscellany/Misc_Sub_Dir/misc_sub1.txt
        PALINDROME FOUND: henipssendamanananamadnesspineh
        PALINDROME FOUND: hewonsnoweh
        PALINDROME FOUND: hewonkillerraddarrelliknoweh
    ../miscellany/Misc_Sub_Dir/misc_sub2.txt
        PALINDROME FOUND: solos
        PALINDROME FOUND: someemos
        PALINDROME FOUND: somemeninterpretninememos
        PALINDROME FOUND: soreyasayeros
        PALINDROME FOUND: spacecaps
        PALINDROME FOUND: stabnailatillitalianbats
        PALINDROME FOUND: stackcats
        PALINDROME FOUND: starcomedybydemocrats
        PALINDROME FOUND: starrats
        PALINDROME FOUND: starcomedonnamelbaimanamiablemannodemocrats
robertm@Sys76:~/programming/pyclass/assignment3/application/driver$ 
